// Jest Snapshot v1, https://goo.gl/fbAQLP

exports[`Test : Details Page 1`] = `
<div>
  <div
    class="css-wpwjk1"
  >
    <img
      alt="logo"
      src="loading.svg"
    />
  </div>
</div>
`;
